reconfigure,0,5,6,7,8,9
sign,0
append,0,1,1
receive,0,1
receive,1,0
append,0,1,2
receive,0,1
receive,1,0
append,0,2,1
receive,0,2
receive,2,0
append,0,2,2
receive,0,2
receive,2,0
append,0,5,1
term,0,5
receive,0,5
receive,5,0
append,0,5,2
receive,0,5
receive,5,0
append,0,6,1
term,0,6
receive,0,6
receive,6,0
append,0,6,2
receive,0,6
receive,6,0
append,0,7,1
term,0,7
receive,0,7
receive,7,0
append,0,7,2
receive,0,7
receive,7,0
commit,0
append,0,5,2
receive,0,5
receive,5,0
timeout,5
vote,5,6
term,5,6
receive,5,6
receive,6,5
vote,5,7
term,5,7
receive,5,7
receive,7,5
leader,5
