client,0,0
append,0,1,1
receive,0,1
receive,1,0
append,0,2,1
receive,0,2
receive,2,0
commit,0
timeout,1
timeout,1
vote,1,2
term,1,2
receive,1,2
receive,2,1
vote,1,3
term,1,3
receive,1,3
receive,3,1
leader,1
client,1,2
append,1,2,2
receive,1,2
receive,2,1
append,1,0,2
term,1,0
receive,1,0
receive,0,1
commit,1
timeout,2
vote,2,0
term,2,0
receive,2,0
receive,0,2
vote,2,4
term,2,4
receive,2,4
receive,4,2
leader,2
client,2,3
append,2,1,3
term,2,1
receive,2,1
receive,1,2
append,2,0,3
receive,2,0
receive,0,2
commit,2
