reconfigure,0,0,1,2,3
reconfigure,0,0,1,2
reconfigure,0,0,1
reconfigure,0,0
sign,0
append,0,1,1
receive,0,1
receive,1,0
append,0,1,2
receive,0,1
receive,1,0
append,0,1,3
receive,0,1
receive,1,0
append,0,1,4
receive,0,1
receive,1,0
append,0,1,5
receive,0,1
receive,1,0
append,0,2,1
receive,0,2
receive,2,0
append,0,2,2
receive,0,2
receive,2,0
append,0,2,3
receive,0,2
receive,2,0
append,0,2,4
receive,0,2
receive,2,0
append,0,2,5
receive,0,2
receive,2,0
commit,0
client,0,1
sign,0
commit,0
timeout,1
vote,1,0
term,1,0
timeout,0
leader,0
reconfigure,0,0,5,6
sign,0
append,0,5,8
term,0,5
receive,0,5
receive,5,0
append,0,5,1
receive,0,5
receive,5,0
append,0,5,2
receive,0,5
receive,5,0
append,0,5,3
receive,0,5
receive,5,0
append,0,5,4
receive,0,5
receive,5,0
append,0,5,5
receive,0,5
receive,5,0
append,0,5,6
receive,0,5
receive,5,0
append,0,5,7
receive,0,5
receive,5,0
append,0,5,8
receive,0,5
receive,5,0
append,0,5,9
receive,0,5
receive,5,0
commit,0
