client,0,0
append,0,1,1
receive,0,1
receive,1,0
append,0,2,1
receive,0,2
receive,2,0
append,0,3,1
receive,0,3
receive,3,0
append,0,4,1
receive,0,4
receive,4,0
commit,0
append,0,2,1
timeout,1
vote,1,2
term,1,2
receive,0,2
receive,1,2
vote,1,3
term,1,3
receive,1,3
vote,1,0
term,1,0
receive,1,0
receive,2,1
receive,3,1
leader,1
client,1,1
append,1,0,2
receive,1,0
append,1,2,2
receive,1,2
append,1,3,2
receive,1,3
append,1,4,2
term,1,4
receive,1,4
client,1,2
append,1,2,3
receive,1,2
timeout,0
vote,0,3
term,0,3
receive,0,3
vote,0,4
term,0,4
receive,0,4
receive,3,0
receive,4,0
leader,0
client,0,3
append,0,3,3
receive,0,3
receive,3,0
append,0,4,3
receive,0,4
receive,4,0
commit,0
receive,2,0
append,0,2,2
term,0,2
receive,0,2
