reconfigure,0,5,6,7,8,9
sign,0
append,0,1,1
receive,0,1
receive,1,0
append,0,1,2
receive,0,1
receive,1,0
append,0,2,1
receive,0,2
receive,2,0
append,0,2,2
receive,0,2
receive,2,0
append,0,5,1
term,0,5
receive,0,5
receive,5,0
append,0,5,2
receive,0,5
receive,5,0
append,0,6,1
term,0,6
receive,0,6
receive,6,0
append,0,6,2
receive,0,6
receive,6,0
append,0,7,1
term,0,7
receive,0,7
receive,7,0
append,0,7,2
receive,0,7
receive,7,0
commit,0
append,0,5,2
receive,0,5
receive,5,0
timeout,5
vote,5,6
term,5,6
receive,5,6
receive,6,5
vote,5,7
term,5,7
receive,5,7
receive,7,5
leader,5
reconfigure,5,10,11,12,13,14
sign,5
append,5,6,3
receive,5,6
receive,6,5
append,5,6,4
receive,5,6
receive,6,5
append,5,7,3
receive,5,7
receive,7,5
append,5,7,4
receive,5,7
receive,7,5
append,5,10,3
term,5,10
receive,5,10
receive,10,5
append,5,10,1
receive,5,10
receive,10,5
append,5,10,2
receive,5,10
receive,10,5
append,5,10,3
receive,5,10
receive,10,5
append,5,10,4
receive,5,10
receive,10,5
append,5,11,3
term,5,11
receive,5,11
receive,11,5
append,5,11,1
receive,5,11
receive,11,5
append,5,11,2
receive,5,11
receive,11,5
append,5,11,3
receive,5,11
receive,11,5
append,5,11,4
receive,5,11
receive,11,5
append,5,12,3
term,5,12
receive,5,12
receive,12,5
append,5,12,1
receive,5,12
receive,12,5
append,5,12,2
receive,5,12
receive,12,5
append,5,12,3
receive,5,12
receive,12,5
append,5,12,4
receive,5,12
receive,12,5
commit,5
append,5,10,4
receive,5,10
receive,10,5
timeout,10
vote,10,11
term,10,11
receive,10,11
receive,11,10
vote,10,12
term,10,12
receive,10,12
receive,12,10
leader,10
